Loading db file '/home/mariagrazia.graziano/do/libnangate/NangateOpenCellLibrary_typical_ecsm.db'
Information: Propagating switching activity (low effort zero delay simulation). (PWR-6)
Warning: Design has unannotated primary inputs. (PWR-414)
Warning: Design has unannotated sequential cell outputs. (PWR-415)
 
****************************************
Report : power
        -analysis_effort low
Design : CPU
Version: F-2011.09-SP3
Date   : Wed Oct 26 21:47:09 2022
****************************************


Library(s) Used:

    NangateOpenCellLibrary (File: /home/mariagrazia.graziano/do/libnangate/NangateOpenCellLibrary_typical_ecsm.db)


Operating Conditions: typical   Library: NangateOpenCellLibrary
Wire Load Model Mode: top

Design        Wire Load Model            Library
------------------------------------------------
CPU                    5K_hvratio_1_4    NangateOpenCellLibrary


Global Operating Voltage = 1.1  
Power-specific unit information :
    Voltage Units = 1V
    Capacitance Units = 1.000000ff
    Time Units = 1ns
    Dynamic Power Units = 1uW    (derived from V,C,T units)
    Leakage Power Units = 1nW


  Cell Internal Power  =   7.4821 mW   (95%)
  Net Switching Power  = 433.2133 uW    (5%)
                         ---------
Total Dynamic Power    =   7.9153 mW  (100%)

Cell Leakage Power     = 296.2811 uW


                 Internal         Switching           Leakage            Total
Power Group      Power            Power               Power              Power   (   %    )  Attrs
--------------------------------------------------------------------------------------------------
io_pad             0.0000            0.0000            0.0000            0.0000  (   0.00%)
memory             0.0000            0.0000            0.0000            0.0000  (   0.00%)
black_box          0.0000            0.0000            0.0000            0.0000  (   0.00%)
clock_network      0.0000            0.0000            0.0000            0.0000  (   0.00%)
register       7.3025e+03           50.8955        1.1867e+05        7.4721e+03  (  90.99%)
sequential         0.8498            0.3243        2.4920e+03            3.6661  (   0.04%)
combinational    178.7278          381.9942        1.7512e+05          735.8398  (   8.96%)
--------------------------------------------------------------------------------------------------
Total          7.4821e+03 uW       433.2141 uW     2.9628e+05 nW     8.2116e+03 uW
1
