Information: Updating design information... (UID-85)
Warning: Design 'CPU' contains 1 high-fanout nets. A fanout number of 1000 will be used for delay calculations involving these nets. (TIM-134)
 
****************************************
Report : timing
        -path full
        -delay max
        -max_paths 1
Design : CPU
Version: F-2011.09-SP3
Date   : Wed Oct 26 22:21:34 2022
****************************************

 # A fanout number of 1000 was used for high fanout net computations.

Operating Conditions: typical   Library: NangateOpenCellLibrary
Wire Load Model Mode: top

  Startpoint: U_CU/execute_sig_d2_reg[IMM_SEL]
              (rising edge-triggered flip-flop clocked by CLK)
  Endpoint: U_DATAPATH/U_ALU_OUT_REG_EM/reg_mem_reg[20]
            (rising edge-triggered flip-flop clocked by CLK)
  Path Group: CLK
  Path Type: max

  Des/Clust/Port     Wire Load Model       Library
  ------------------------------------------------
  CPU                5K_hvratio_1_4        NangateOpenCellLibrary

  Point                                                   Incr       Path
  --------------------------------------------------------------------------
  clock CLK (rise edge)                                   0.00       0.00
  clock network delay (ideal)                             0.00       0.00
  U_CU/execute_sig_d2_reg[IMM_SEL]/CK (SDFFR_X1)          0.00 #     0.00 r
  U_CU/execute_sig_d2_reg[IMM_SEL]/Q (SDFFR_X1)           0.07       0.07 f
  U_CU/CTRL_WORD[IMM_SEL] (CU)                            0.00       0.07 f
  U_DATAPATH/CTRL_WORD[IMM_SEL] (DATAPATH)                0.00       0.07 f
  U_DATAPATH/U78/Z (BUF_X1)                               0.05       0.13 f
  U_DATAPATH/U29/Z (BUF_X1)                               0.05       0.18 f
  U_DATAPATH/U324/ZN (AOI22_X1)                           0.06       0.24 r
  U_DATAPATH/U243/ZN (INV_X1)                             0.03       0.26 f
  U_DATAPATH/U_ALU/B[30] (ALU_DATA_W32)                   0.00       0.26 f
  U_DATAPATH/U_ALU/T2_SHIFTER_U/AMOUNT[30] (T2_SHIFTER_DATA_W32)
                                                          0.00       0.26 f
  U_DATAPATH/U_ALU/T2_SHIFTER_U/COARSESHIFT/AMOUNT[27] (COARSE_SHIFT_DATA_W32_MASK_SIZE41)
                                                          0.00       0.26 f
  U_DATAPATH/U_ALU/T2_SHIFTER_U/COARSESHIFT/U92/ZN (OR2_X1)
                                                          0.06       0.32 f
  U_DATAPATH/U_ALU/T2_SHIFTER_U/COARSESHIFT/U1/ZN (OR3_X2)
                                                          0.09       0.41 f
  U_DATAPATH/U_ALU/T2_SHIFTER_U/COARSESHIFT/U93/ZN (NOR4_X1)
                                                          0.07       0.48 r
  U_DATAPATH/U_ALU/T2_SHIFTER_U/COARSESHIFT/U95/ZN (AND3_X2)
                                                          0.07       0.55 r
  U_DATAPATH/U_ALU/T2_SHIFTER_U/COARSESHIFT/U141/ZN (NAND3_X1)
                                                          0.04       0.59 f
  U_DATAPATH/U_ALU/T2_SHIFTER_U/COARSESHIFT/U65/Z (BUF_X1)
                                                          0.05       0.64 f
  U_DATAPATH/U_ALU/T2_SHIFTER_U/COARSESHIFT/U79/ZN (AND4_X2)
                                                          0.07       0.72 f
  U_DATAPATH/U_ALU/T2_SHIFTER_U/COARSESHIFT/U134/ZN (NOR3_X1)
                                                          0.09       0.81 r
  U_DATAPATH/U_ALU/T2_SHIFTER_U/COARSESHIFT/U189/ZN (NAND2_X1)
                                                          0.03       0.84 f
  U_DATAPATH/U_ALU/T2_SHIFTER_U/COARSESHIFT/S[21] (COARSE_SHIFT_DATA_W32_MASK_SIZE41)
                                                          0.00       0.84 f
  U_DATAPATH/U_ALU/T2_SHIFTER_U/FINESHIFT/A[21] (FINE_SHIFT_DATA_W32_MASK_SIZE41)
                                                          0.00       0.84 f
  U_DATAPATH/U_ALU/T2_SHIFTER_U/FINESHIFT/U66/ZN (INV_X1)
                                                          0.04       0.87 r
  U_DATAPATH/U_ALU/T2_SHIFTER_U/FINESHIFT/U181/Z (MUX2_X1)
                                                          0.05       0.92 r
  U_DATAPATH/U_ALU/T2_SHIFTER_U/FINESHIFT/U186/Z (MUX2_X1)
                                                          0.05       0.97 r
  U_DATAPATH/U_ALU/T2_SHIFTER_U/FINESHIFT/U85/ZN (INV_X1)
                                                          0.02       1.00 f
  U_DATAPATH/U_ALU/T2_SHIFTER_U/FINESHIFT/U141/Z (MUX2_X1)
                                                          0.07       1.06 f
  U_DATAPATH/U_ALU/T2_SHIFTER_U/FINESHIFT/S[20] (FINE_SHIFT_DATA_W32_MASK_SIZE41)
                                                          0.00       1.06 f
  U_DATAPATH/U_ALU/T2_SHIFTER_U/S[20] (T2_SHIFTER_DATA_W32)
                                                          0.00       1.06 f
  U_DATAPATH/U_ALU/U252/ZN (AOI222_X1)                    0.09       1.16 r
  U_DATAPATH/U_ALU/U251/ZN (INV_X1)                       0.03       1.18 f
  U_DATAPATH/U_ALU/RES[20] (ALU_DATA_W32)                 0.00       1.18 f
  U_DATAPATH/U_ALU_OUT_REG_EM/DIN[20] (REG_PIPO_32_00000000_00000000_5)
                                                          0.00       1.18 f
  U_DATAPATH/U_ALU_OUT_REG_EM/U33/ZN (INV_X1)             0.03       1.21 r
  U_DATAPATH/U_ALU_OUT_REG_EM/U32/ZN (OAI22_X1)           0.03       1.25 f
  U_DATAPATH/U_ALU_OUT_REG_EM/reg_mem_reg[20]/D (DFFR_X1)
                                                          0.01       1.26 f
  data arrival time                                                  1.26

  clock CLK (rise edge)                                   1.30       1.30
  clock network delay (ideal)                             0.00       1.30
  U_DATAPATH/U_ALU_OUT_REG_EM/reg_mem_reg[20]/CK (DFFR_X1)
                                                          0.00       1.30 r
  library setup time                                     -0.04       1.26
  data required time                                                 1.26
  --------------------------------------------------------------------------
  data required time                                                 1.26
  data arrival time                                                 -1.26
  --------------------------------------------------------------------------
  slack (MET)                                                        0.00


1
