Loading db file '/home/ms22.4/dlx_simone/syn/libnangate/NangateOpenCellLibrary_typical_ecsm.db'
Information: Propagating switching activity (low effort zero delay simulation). (PWR-6)
Warning: Design has unannotated primary inputs. (PWR-414)
Warning: Design has unannotated sequential cell outputs. (PWR-415)
 
****************************************
Report : power
        -analysis_effort low
Design : CPU_1
Version: F-2011.09-SP3
Date   : Thu Oct 27 17:37:10 2022
****************************************


Library(s) Used:

    NangateOpenCellLibrary (File: /home/ms22.4/dlx_simone/syn/libnangate/NangateOpenCellLibrary_typical_ecsm.db)


Operating Conditions: typical   Library: NangateOpenCellLibrary
Wire Load Model Mode: top

Design        Wire Load Model            Library
------------------------------------------------
CPU_1                  5K_hvratio_1_4    NangateOpenCellLibrary


Global Operating Voltage = 1.1  
Power-specific unit information :
    Voltage Units = 1V
    Capacitance Units = 1.000000ff
    Time Units = 1ns
    Dynamic Power Units = 1uW    (derived from V,C,T units)
    Leakage Power Units = 1nW


  Cell Internal Power  =   8.8347 mW   (94%)
  Net Switching Power  = 516.5521 uW    (6%)
                         ---------
Total Dynamic Power    =   9.3512 mW  (100%)

Cell Leakage Power     = 303.2837 uW


                 Internal         Switching           Leakage            Total
Power Group      Power            Power               Power              Power   (   %    )  Attrs
--------------------------------------------------------------------------------------------------
io_pad             0.0000            0.0000            0.0000            0.0000  (   0.00%)
memory             0.0000            0.0000            0.0000            0.0000  (   0.00%)
black_box          0.0000            0.0000            0.0000            0.0000  (   0.00%)
clock_network      0.0000            0.0000            0.0000            0.0000  (   0.00%)
register       8.6117e+03           60.3019        1.1873e+05        8.7907e+03  (  91.05%)
sequential         0.9602            0.3665        2.4918e+03            3.8186  (   0.04%)
combinational    222.0247          455.8828        1.8206e+05          859.9647  (   8.91%)
--------------------------------------------------------------------------------------------------
Total          8.8347e+03 uW       516.5511 uW     3.0328e+05 nW     9.6545e+03 uW
1
