Information: Updating design information... (UID-85)
Warning: Design 'CPU' contains 1 high-fanout nets. A fanout number of 1000 will be used for delay calculations involving these nets. (TIM-134)
 
****************************************
Report : timing
        -path full
        -delay max
        -max_paths 1
Design : CPU
Version: F-2011.09-SP3
Date   : Wed Oct 26 21:45:35 2022
****************************************

 # A fanout number of 1000 was used for high fanout net computations.

Operating Conditions: typical   Library: NangateOpenCellLibrary
Wire Load Model Mode: top

  Startpoint: U_CU/execute_sig_d2_reg[ALU_FUNC][1]
              (rising edge-triggered flip-flop clocked by CLK)
  Endpoint: U_DATAPATH/U_ALU_OUT_REG_EM/reg_mem_reg[31]
            (rising edge-triggered flip-flop clocked by CLK)
  Path Group: CLK
  Path Type: max

  Des/Clust/Port     Wire Load Model       Library
  ------------------------------------------------
  CPU                5K_hvratio_1_4        NangateOpenCellLibrary

  Point                                                   Incr       Path
  --------------------------------------------------------------------------
  clock CLK (rise edge)                                   0.00       0.00
  clock network delay (ideal)                             0.00       0.00
  U_CU/execute_sig_d2_reg[ALU_FUNC][1]/CK (DFFS_X1)       0.00 #     0.00 r
  U_CU/execute_sig_d2_reg[ALU_FUNC][1]/Q (DFFS_X1)        0.09       0.09 f
  U_CU/CTRL_WORD[ALU_FUNC][1] (CU)                        0.00       0.09 f
  U_DATAPATH/CTRL_WORD[ALU_FUNC][1] (DATAPATH)            0.00       0.09 f
  U_DATAPATH/U_ALU/FUNC[1] (ALU_DATA_W32)                 0.00       0.09 f
  U_DATAPATH/U_ALU/U178/ZN (INV_X1)                       0.05       0.14 r
  U_DATAPATH/U_ALU/U118/ZN (NOR2_X1)                      0.03       0.17 f
  U_DATAPATH/U_ALU/U7/Z (BUF_X1)                          0.04       0.22 f
  U_DATAPATH/U_ALU/U158/ZN (NAND3_X1)                     0.04       0.26 r
  U_DATAPATH/U_ALU/U97/ZN (INV_X1)                        0.04       0.29 f
  U_DATAPATH/U_ALU/U176/ZN (AOI211_X1)                    0.08       0.37 r
  U_DATAPATH/U_ALU/U5/ZN (AND4_X1)                        0.08       0.46 r
  U_DATAPATH/U_ALU/U3/Z (BUF_X1)                          0.05       0.51 r
  U_DATAPATH/U_ALU/U183/ZN (OAI22_X1)                     0.06       0.57 f
  U_DATAPATH/U_ALU/P4_ADDER_U/B[0] (P4_ADDER_NBIT32)      0.00       0.57 f
  U_DATAPATH/U_ALU/P4_ADDER_U/U_CARRY_GENERATOR/B[0] (CARRY_GENERATOR_NBIT32_NBIT_PER_BLOCK4)
                                                          0.00       0.57 f
  U_DATAPATH/U_ALU/P4_ADDER_U/U_CARRY_GENERATOR/U_PG_PRIM_0/B (PG_PRIM_0)
                                                          0.00       0.57 f
  U_DATAPATH/U_ALU/P4_ADDER_U/U_CARRY_GENERATOR/U_PG_PRIM_0/U2/Z (XOR2_X1)
                                                          0.09       0.65 f
  U_DATAPATH/U_ALU/P4_ADDER_U/U_CARRY_GENERATOR/U_PG_PRIM_0/P (PG_PRIM_0)
                                                          0.00       0.65 f
  U_DATAPATH/U_ALU/P4_ADDER_U/U_CARRY_GENERATOR/U_RXMOST_PG_PRIM_IS_GG_UNIT_0/P_CURRENT (GG_0)
                                                          0.00       0.65 f
  U_DATAPATH/U_ALU/P4_ADDER_U/U_CARRY_GENERATOR/U_RXMOST_PG_PRIM_IS_GG_UNIT_0/U2/ZN (AOI21_X1)
                                                          0.05       0.70 r
  U_DATAPATH/U_ALU/P4_ADDER_U/U_CARRY_GENERATOR/U_RXMOST_PG_PRIM_IS_GG_UNIT_0/U1/ZN (INV_X1)
                                                          0.03       0.72 f
  U_DATAPATH/U_ALU/P4_ADDER_U/U_CARRY_GENERATOR/U_RXMOST_PG_PRIM_IS_GG_UNIT_0/G (GG_0)
                                                          0.00       0.72 f
  U_DATAPATH/U_ALU/P4_ADDER_U/U_CARRY_GENERATOR/U_BKBONE_GG_UNIT_1_1/G_PREV (GG_36)
                                                          0.00       0.72 f
  U_DATAPATH/U_ALU/P4_ADDER_U/U_CARRY_GENERATOR/U_BKBONE_GG_UNIT_1_1/U2/ZN (AOI21_X1)
                                                          0.05       0.77 r
  U_DATAPATH/U_ALU/P4_ADDER_U/U_CARRY_GENERATOR/U_BKBONE_GG_UNIT_1_1/U1/ZN (INV_X1)
                                                          0.03       0.79 f
  U_DATAPATH/U_ALU/P4_ADDER_U/U_CARRY_GENERATOR/U_BKBONE_GG_UNIT_1_1/G (GG_36)
                                                          0.00       0.79 f
  U_DATAPATH/U_ALU/P4_ADDER_U/U_CARRY_GENERATOR/U_BKBONE_GG_UNIT_2_3/G_PREV (GG_20)
                                                          0.00       0.79 f
  U_DATAPATH/U_ALU/P4_ADDER_U/U_CARRY_GENERATOR/U_BKBONE_GG_UNIT_2_3/U2/ZN (AOI21_X1)
                                                          0.05       0.84 r
  U_DATAPATH/U_ALU/P4_ADDER_U/U_CARRY_GENERATOR/U_BKBONE_GG_UNIT_2_3/U1/ZN (INV_X1)
                                                          0.05       0.89 f
  U_DATAPATH/U_ALU/P4_ADDER_U/U_CARRY_GENERATOR/U_BKBONE_GG_UNIT_2_3/G (GG_20)
                                                          0.00       0.89 f
  U_DATAPATH/U_ALU/P4_ADDER_U/U_CARRY_GENERATOR/U_LF_GG_UNIT_1_7/G_PREV (GG_12)
                                                          0.00       0.89 f
  U_DATAPATH/U_ALU/P4_ADDER_U/U_CARRY_GENERATOR/U_LF_GG_UNIT_1_7/U2/ZN (AOI21_X1)
                                                          0.06       0.95 r
  U_DATAPATH/U_ALU/P4_ADDER_U/U_CARRY_GENERATOR/U_LF_GG_UNIT_1_7/U1/ZN (INV_X1)
                                                          0.03       0.98 f
  U_DATAPATH/U_ALU/P4_ADDER_U/U_CARRY_GENERATOR/U_LF_GG_UNIT_1_7/G (GG_12)
                                                          0.00       0.98 f
  U_DATAPATH/U_ALU/P4_ADDER_U/U_CARRY_GENERATOR/U_LF_GG_UNIT_2_15/G_PREV (GG_7)
                                                          0.00       0.98 f
  U_DATAPATH/U_ALU/P4_ADDER_U/U_CARRY_GENERATOR/U_LF_GG_UNIT_2_15/U2/ZN (AOI21_X1)
                                                          0.05       1.03 r
  U_DATAPATH/U_ALU/P4_ADDER_U/U_CARRY_GENERATOR/U_LF_GG_UNIT_2_15/U1/ZN (INV_X1)
                                                          0.04       1.06 f
  U_DATAPATH/U_ALU/P4_ADDER_U/U_CARRY_GENERATOR/U_LF_GG_UNIT_2_15/G (GG_7)
                                                          0.00       1.06 f
  U_DATAPATH/U_ALU/P4_ADDER_U/U_CARRY_GENERATOR/U_LF_GG_UNIT_3_27/G_PREV (GG_2)
                                                          0.00       1.06 f
  U_DATAPATH/U_ALU/P4_ADDER_U/U_CARRY_GENERATOR/U_LF_GG_UNIT_3_27/U2/ZN (AOI21_X1)
                                                          0.05       1.12 r
  U_DATAPATH/U_ALU/P4_ADDER_U/U_CARRY_GENERATOR/U_LF_GG_UNIT_3_27/U1/ZN (INV_X1)
                                                          0.04       1.16 f
  U_DATAPATH/U_ALU/P4_ADDER_U/U_CARRY_GENERATOR/U_LF_GG_UNIT_3_27/G (GG_2)
                                                          0.00       1.16 f
  U_DATAPATH/U_ALU/P4_ADDER_U/U_CARRY_GENERATOR/CO[6] (CARRY_GENERATOR_NBIT32_NBIT_PER_BLOCK4)
                                                          0.00       1.16 f
  U_DATAPATH/U_ALU/P4_ADDER_U/U_SUM_GENERATOR/Ci[6] (SUM_GENERATOR_NBIT_PER_BLOCK4_NBLOCKS7)
                                                          0.00       1.16 f
  U_DATAPATH/U_ALU/P4_ADDER_U/U_SUM_GENERATOR/U_CSB_7/Cin (CSB_NBIT4_1)
                                                          0.00       1.16 f
  U_DATAPATH/U_ALU/P4_ADDER_U/U_SUM_GENERATOR/U_CSB_7/U3/ZN (INV_X1)
                                                          0.06       1.22 r
  U_DATAPATH/U_ALU/P4_ADDER_U/U_SUM_GENERATOR/U_CSB_7/U10/ZN (AOI22_X1)
                                                          0.04       1.26 f
  U_DATAPATH/U_ALU/P4_ADDER_U/U_SUM_GENERATOR/U_CSB_7/U9/ZN (INV_X1)
                                                          0.03       1.30 r
  U_DATAPATH/U_ALU/P4_ADDER_U/U_SUM_GENERATOR/U_CSB_7/S[3] (CSB_NBIT4_1)
                                                          0.00       1.30 r
  U_DATAPATH/U_ALU/P4_ADDER_U/U_SUM_GENERATOR/S[27] (SUM_GENERATOR_NBIT_PER_BLOCK4_NBLOCKS7)
                                                          0.00       1.30 r
  U_DATAPATH/U_ALU/P4_ADDER_U/S[31] (P4_ADDER_NBIT32)     0.00       1.30 r
  U_DATAPATH/U_ALU/U121/ZN (AOI222_X1)                    0.03       1.33 f
  U_DATAPATH/U_ALU/U120/ZN (INV_X1)                       0.04       1.36 r
  U_DATAPATH/U_ALU/RES[31] (ALU_DATA_W32)                 0.00       1.36 r
  U_DATAPATH/U_ALU_OUT_REG_EM/DIN[31] (REG_PIPO_32_00000000_00000000_5)
                                                          0.00       1.36 r
  U_DATAPATH/U_ALU_OUT_REG_EM/U27/ZN (INV_X1)             0.02       1.39 f
  U_DATAPATH/U_ALU_OUT_REG_EM/U26/ZN (OAI22_X1)           0.05       1.44 r
  U_DATAPATH/U_ALU_OUT_REG_EM/reg_mem_reg[31]/D (DFFR_X1)
                                                          0.01       1.45 r
  data arrival time                                                  1.45

  clock CLK (rise edge)                                   1.49       1.49
  clock network delay (ideal)                             0.00       1.49
  U_DATAPATH/U_ALU_OUT_REG_EM/reg_mem_reg[31]/CK (DFFR_X1)
                                                          0.00       1.49 r
  library setup time                                     -0.04       1.45
  data required time                                                 1.45
  --------------------------------------------------------------------------
  data required time                                                 1.45
  data arrival time                                                 -1.45
  --------------------------------------------------------------------------
  slack (MET)                                                        0.00


1
