Loading db file '/home/mariagrazia.graziano/do/libnangate/NangateOpenCellLibrary_typical_ecsm.db'
Information: Propagating switching activity (low effort zero delay simulation). (PWR-6)
Warning: Design has unannotated primary inputs. (PWR-414)
Warning: Design has unannotated sequential cell outputs. (PWR-415)
 
****************************************
Report : power
        -analysis_effort low
Design : CPU
Version: F-2011.09-SP3
Date   : Wed Oct 26 18:07:52 2022
****************************************


Library(s) Used:

    NangateOpenCellLibrary (File: /home/mariagrazia.graziano/do/libnangate/NangateOpenCellLibrary_typical_ecsm.db)


Operating Conditions: typical   Library: NangateOpenCellLibrary
Wire Load Model Mode: top

Design        Wire Load Model            Library
------------------------------------------------
CPU                    5K_hvratio_1_4    NangateOpenCellLibrary


Global Operating Voltage = 1.1  
Power-specific unit information :
    Voltage Units = 1V
    Capacitance Units = 1.000000ff
    Time Units = 1ns
    Dynamic Power Units = 1uW    (derived from V,C,T units)
    Leakage Power Units = 1nW


  Cell Internal Power  =   9.9631 mW   (78%)
  Net Switching Power  =   2.8088 mW   (22%)
                         ---------
Total Dynamic Power    =  12.7719 mW  (100%)

Cell Leakage Power     = 450.5600 uW


                 Internal         Switching           Leakage            Total
Power Group      Power            Power               Power              Power   (   %    )  Attrs
--------------------------------------------------------------------------------------------------
io_pad             0.0000            0.0000            0.0000            0.0000  (   0.00%)
memory             0.0000            0.0000            0.0000            0.0000  (   0.00%)
black_box          0.0000            0.0000            0.0000            0.0000  (   0.00%)
clock_network      5.2871        2.0111e+03           28.7064        2.0165e+03  (  15.25%)
register       9.5398e+03           97.3363        1.1903e+05        9.7561e+03  (  73.78%)
sequential         1.3760            0.8816        2.4920e+03            4.7496  (   0.04%)
combinational    416.6594          699.4428        3.2901e+05        1.4451e+03  (  10.93%)
--------------------------------------------------------------------------------------------------
Total          9.9631e+03 uW     2.8088e+03 uW     4.5056e+05 nW     1.3222e+04 uW
1
