Loading db file '/home/mariagrazia.graziano/do/libnangate/NangateOpenCellLibrary_typical_ecsm.db'
Information: Propagating switching activity (low effort zero delay simulation). (PWR-6)
Warning: Design has unannotated primary inputs. (PWR-414)
Warning: Design has unannotated sequential cell outputs. (PWR-415)
 
****************************************
Report : power
        -analysis_effort low
Design : CPU
Version: F-2011.09-SP3
Date   : Wed Oct 26 17:57:07 2022
****************************************


Library(s) Used:

    NangateOpenCellLibrary (File: /home/mariagrazia.graziano/do/libnangate/NangateOpenCellLibrary_typical_ecsm.db)


Operating Conditions: typical   Library: NangateOpenCellLibrary
Wire Load Model Mode: top

Design        Wire Load Model            Library
------------------------------------------------
CPU                    5K_hvratio_1_4    NangateOpenCellLibrary


Global Operating Voltage = 1.1  
Power-specific unit information :
    Voltage Units = 1V
    Capacitance Units = 1.000000ff
    Time Units = 1ns
    Dynamic Power Units = 1uW    (derived from V,C,T units)
    Leakage Power Units = 1nW


  Cell Internal Power  =  10.8902 mW   (79%)
  Net Switching Power  =   2.9121 mW   (21%)
                         ---------
Total Dynamic Power    =  13.8023 mW  (100%)

Cell Leakage Power     = 320.7139 uW


                 Internal         Switching           Leakage            Total
Power Group      Power            Power               Power              Power   (   %    )  Attrs
--------------------------------------------------------------------------------------------------
io_pad             0.0000            0.0000            0.0000            0.0000  (   0.00%)
memory             0.0000            0.0000            0.0000            0.0000  (   0.00%)
black_box          0.0000            0.0000            0.0000            0.0000  (   0.00%)
clock_network      5.8731        2.2334e+03           28.7064        2.2393e+03  (  15.86%)
register       1.0584e+04           73.0936        1.2138e+05        1.0778e+04  (  76.32%)
sequential         1.6608            0.6338        2.4922e+03            4.7867  (   0.03%)
combinational    298.6692          604.9906        1.9681e+05        1.1005e+03  (   7.79%)
--------------------------------------------------------------------------------------------------
Total          1.0890e+04 uW     2.9121e+03 uW     3.2071e+05 nW     1.4123e+04 uW
1
