Loading db file '/home/mariagrazia.graziano/do/libnangate/NangateOpenCellLibrary_typical_ecsm.db'
Information: Propagating switching activity (low effort zero delay simulation). (PWR-6)
Warning: Design has unannotated primary inputs. (PWR-414)
Warning: Design has unannotated sequential cell outputs. (PWR-415)
 
****************************************
Report : power
        -analysis_effort low
Design : CPU
Version: F-2011.09-SP3
Date   : Wed Oct 26 18:11:14 2022
****************************************


Library(s) Used:

    NangateOpenCellLibrary (File: /home/mariagrazia.graziano/do/libnangate/NangateOpenCellLibrary_typical_ecsm.db)


Operating Conditions: typical   Library: NangateOpenCellLibrary
Wire Load Model Mode: top

Design        Wire Load Model            Library
------------------------------------------------
CPU                    5K_hvratio_1_4    NangateOpenCellLibrary


Global Operating Voltage = 1.1  
Power-specific unit information :
    Voltage Units = 1V
    Capacitance Units = 1.000000ff
    Time Units = 1ns
    Dynamic Power Units = 1uW    (derived from V,C,T units)
    Leakage Power Units = 1nW


  Cell Internal Power  =   9.6946 mW   (79%)
  Net Switching Power  =   2.6026 mW   (21%)
                         ---------
Total Dynamic Power    =  12.2972 mW  (100%)

Cell Leakage Power     = 328.9373 uW


                 Internal         Switching           Leakage            Total
Power Group      Power            Power               Power              Power   (   %    )  Attrs
--------------------------------------------------------------------------------------------------
io_pad             0.0000            0.0000            0.0000            0.0000  (   0.00%)
memory             0.0000            0.0000            0.0000            0.0000  (   0.00%)
black_box          0.0000            0.0000            0.0000            0.0000  (   0.00%)
clock_network      5.2405        1.9908e+03           28.7064        1.9960e+03  (  15.81%)
register       9.4226e+03           65.2075        1.3157e+05        9.6194e+03  (  76.19%)
sequential         1.5274            0.5829        2.4923e+03            4.6025  (   0.04%)
combinational    265.1900          546.0112        1.9484e+05        1.0060e+03  (   7.97%)
--------------------------------------------------------------------------------------------------
Total          9.6946e+03 uW     2.6026e+03 uW     3.2894e+05 nW     1.2626e+04 uW
1
